Microchip MPLAB XC8 Compiler V1.42 ()

Linker command line:

-W-3 --edf=C:\Program Files (x86)\Microchip\xc8\v1.42\dat\en_msgs.txt -cs \
  -h+dist/default/debug\MoodLighting_PushButton.X.debug.sym \
  --cmf=dist/default/debug\MoodLighting_PushButton.X.debug.cmf -z \
  -Q18F26K40 -oC:\Users\A-A-Ron\AppData\Local\Temp\sllo.2 \
  -Mdist/default/debug/MoodLighting_PushButton.X.debug.map -E1 -ver=XC8 \
  -ASTACK=060h-0e7dh -pstack=STACK -ACODE=00h-0FFFFh -ACONST=00h-0FFFFh \
  -ASMALLCONST=0F00h-0FFFhx241 -AMEDIUMCONST=0F00h-0FFFFh -ACOMRAM=01h-05Fh \
  -AABS1=00h-0E7Dh -ABIGRAM=01h-0E7Dh \
  -ARAM=060h-0FFh,0100h-01FFhx13,0E00h-0E7Dh -ABANK0=060h-0FFh \
  -ABANK1=0100h-01FFh -ABANK2=0200h-02FFh -ABANK3=0300h-03FFh \
  -ABANK4=0400h-04FFh -ABANK5=0500h-05FFh -ABANK6=0600h-06FFh \
  -ABANK7=0700h-07FFh -ABANK8=0800h-08FFh -ABANK9=0900h-09FFh \
  -ABANK10=0A00h-0AFFh -ABANK11=0B00h-0BFFh -ABANK12=0C00h-0CFFh \
  -ABANK13=0D00h-0DFFh -ABANK14=0E00h-0E7Dh \
  -ASFR=0E7Eh-0EFFh,0F00h-0F5Fh,0F60h-0FFFh \
  -preset_vec=00h,intcode=08h,intcodelo,powerup,init -pramtop=0F00h \
  -psmallconst=SMALLCONST -pmediumconst=MEDIUMCONST -pconst=CONST \
  -AFARRAM=00h-00h -ACONFIG=0300000h-030000Bh -pconfig=CONFIG \
  -AIDLOC=0200000h-020000Fh -pidloc=IDLOC -AEEDATA=0310000h-03103FFh \
  -peeprom_data=EEDATA \
  -prdata=COMRAM,nvrram=COMRAM,nvbit=COMRAM,rbss=COMRAM,rbit=COMRAM \
  -pfarbss=FARRAM,fardata=FARRAM,nvFARRAM=FARRAM \
  -pintsave_regs=BIGRAM,bigbss=BIGRAM,bigdata=BIGRAM -pbss=RAM \
  -pidata=CODE,irdata=CODE,ibigdata=CODE,ifardata=CODE -prparam=COMRAM \
  C:\Users\A-A-Ron\AppData\Local\Temp\sllo.obj \
  dist/default/debug\MoodLighting_PushButton.X.debug.obj 

Object code version is 3.11

Machine type is 18F26K40

Call graph: (short form)




                Name                               Link     Load   Length Selector   Space Scale
C:\Users\A-A-Ron\AppData\Local\Temp\sllo.obj
                init                                 8C       8C        4        4       0
                reset_vec                             0        0        6        0       0
                idloc                            200000   200000       10   200000       0
                config                           300000   300000        C   300000       0
dist/default/debug\MoodLighting_PushButton.X.debug.obj
                intcode                               8        8       84        4       0
                temp                                 2C       2C        1        1       1
                text25                              4C6      4C6       3A        4       0
                text24                              69E      69E        2        4       0
                text23                              47E      47E       48        4       0
                text22                              684      684        C        4       0
                text20                              532      532       24        4       0
                text19                              41C      41C       62        4       0
                text18                              69A      69A        4        4       0
                text17                              556      556       20        4       0
                text16                              576      576       18        4       0
                text15                              690      690        A        4       0
                text14                              362      362       BA        4       0
                text13                              664      664       12        4       0
                text12                              500      500       32        4       0
                text11                              650      650       14        4       0
                text10                              63C      63C       14        4       0
                text9                                90       90      202        4       0
                text8                               612      612       16        4       0
                text7                               5FC      5FC       16        4       0
                text6                               5E6      5E6       16        4       0
                text5                               5D0      5D0       16        4       0
                text4                               628      628       14        4       0
                text3                               5BA      5BA       16        4       0
                text2                               5A4      5A4       16        4       0
                text1                               58E      58E       16        4       0
                text0                               292      292       D0        4       0
                cstackCOMRAM                          1        1       28        1       1
                cinit                               676      676        E        4       0
                nvCOMRAM                             29       29        3        1       1

TOTAL           Name                               Link     Load   Length     Space
        CLASS   STACK          

        CLASS   CODE           
                intcode                               8        8       84         0
                init                                 8C       8C        4         0
                reset_vec                             0        0        6         0
                text25                              4C6      4C6       3A         0
                text24                              69E      69E        2         0
                text23                              47E      47E       48         0
                text22                              684      684        C         0
                text20                              532      532       24         0
                text19                              41C      41C       62         0
                text18                              69A      69A        4         0
                text17                              556      556       20         0
                text16                              576      576       18         0
                text15                              690      690        A         0
                text14                              362      362       BA         0
                text13                              664      664       12         0
                text12                              500      500       32         0
                text11                              650      650       14         0
                text10                              63C      63C       14         0
                text9                                90       90      202         0
                text8                               612      612       16         0
                text7                               5FC      5FC       16         0
                text6                               5E6      5E6       16         0
                text5                               5D0      5D0       16         0
                text4                               628      628       14         0
                text3                               5BA      5BA       16         0
                text2                               5A4      5A4       16         0
                text1                               58E      58E       16         0
                text0                               292      292       D0         0
                cinit                               676      676        E         0

        CLASS   CONST          

        CLASS   SMALLCONST     

        CLASS   MEDIUMCONST    

        CLASS   COMRAM         
                temp                                 2C       2C        1         1
                cstackCOMRAM                          1        1       28         1
                nvCOMRAM                             29       29        3         1

        CLASS   ABS1           

        CLASS   BIGRAM         

        CLASS   RAM            

        CLASS   BANK0          

        CLASS   BANK1          

        CLASS   BANK2          

        CLASS   BANK3          

        CLASS   BANK4          

        CLASS   BANK5          

        CLASS   BANK6          

        CLASS   BANK7          

        CLASS   BANK8          

        CLASS   BANK9          

        CLASS   BANK10         

        CLASS   BANK11         

        CLASS   BANK12         

        CLASS   BANK13         

        CLASS   BANK14         

        CLASS   SFR            

        CLASS   FARRAM         

        CLASS   CONFIG         
                config                           300000   300000        C         0

        CLASS   IDLOC          
                idloc                            200000   200000       10         0

        CLASS   EEDATA         



SEGMENTS        Name                           Load    Length   Top    Selector   Space  Class

                reset_vec                      000000  000006  000006         0       0  CODE    
                cstackCOMRAM                   000001  00002C  00002D         1       1  COMRAM  
                intcode                        000008  000698  0006A0         4       0  CODE    
                idloc                          200000  000010  200010    200000       0  IDLOC   
                config                         300000  00000C  30000C    300000       0  CONFIG  


UNUSED ADDRESS RANGES

        Name                Unused          Largest block    Delta
        BANK0            000060-0000FF               A0
        BANK1            000100-0001FF              100
        BANK10           000A00-000AFF              100
        BANK11           000B00-000BFF              100
        BANK12           000C00-000CFF              100
        BANK13           000D00-000DFF              100
        BANK14           000E00-000E7D               7E
        BANK2            000200-0002FF              100
        BANK3            000300-0003FF              100
        BANK4            000400-0004FF              100
        BANK5            000500-0005FF              100
        BANK6            000600-0006FF              100
        BANK7            000700-0007FF              100
        BANK8            000800-0008FF              100
        BANK9            000900-0009FF              100
        BIGRAM           00002D-000E7D              E51
        CODE             000006-000007                2
                         0006A0-00FFFF             F960
        COMRAM           00002D-00005F               33
        CONST            000006-000007                2
                         0006A0-00FFFF             F960
        EEDATA           310000-3103FF              400
        MEDIUMCONST      000F00-00FFFF             F100
        RAM              000060-000E7D              100
        SFR              000E7E-000FFF               82
        SMALLCONST       000F00-00FFFF              100
        STACK            000060-000E7D              E1E

                                  Symbol Table

?_ADCC_GetSingleConversion                  cstackCOMRAM 000013
ADCC_GetSingleConversion@channel            cstackCOMRAM 000017
DATAEE_ReadByte@bAdd                        cstackCOMRAM 000013
DATAEE_WriteByte@GIEBitValue                cstackCOMRAM 000004
DATAEE_WriteByte@bAdd                       cstackCOMRAM 000001
DATAEE_WriteByte@bData                      cstackCOMRAM 000003
IOCBF0_SetInterruptHandler@InterruptHandler cstackCOMRAM 000013
PIN_MANAGER_Initialize@state                cstackCOMRAM 000015
_ADACCH                                     (abs)        000F71
_ADACCL                                     (abs)        000F70
_ADACQ                                      (abs)        000F5C
_ADACT                                      (abs)        000F56
_ADACTPPSbits                               (abs)        000EAE
_ADCAP                                      (abs)        000F5D
_ADCC_GetSingleConversion                   text20       000532
_ADCC_Initialize                            text19       00041C
_ADCLK                                      (abs)        000F57
_ADCNT                                      (abs)        000F67
_ADCON0                                     (abs)        000F60
_ADCON0bits                                 (abs)        000F60
_ADCON1                                     (abs)        000F59
_ADCON1bits                                 (abs)        000F59
_ADCON2                                     (abs)        000F5A
_ADCON2bits                                 (abs)        000F5A
_ADCON3                                     (abs)        000F5B
_ADCON3bits                                 (abs)        000F5B
_ADERRH                                     (abs)        000F6F
_ADERRL                                     (abs)        000F6E
_ADFLTRH                                    (abs)        000F73
_ADFLTRL                                    (abs)        000F72
_ADLTHH                                     (abs)        000F6B
_ADLTHL                                     (abs)        000F6A
_ADPCH                                      (abs)        000F5F
_ADPCH0                                     (abs)        007AF8
_ADPRE                                      (abs)        000F5E
_ADPREVH                                    (abs)        000F62
_ADPREVL                                    (abs)        000F61
_ADREF                                      (abs)        000F58
_ADRESH                                     (abs)        000F64
_ADRESL                                     (abs)        000F63
_ADRPT                                      (abs)        000F66
_ADSTAT                                     (abs)        000F65
_ADSTATbits                                 (abs)        000F65
_ADSTPTH                                    (abs)        000F69
_ADSTPTL                                    (abs)        000F68
_ADUTHH                                     (abs)        000F6D
_ADUTHL                                     (abs)        000F6C
_ANSELA                                     (abs)        000F11
_ANSELB                                     (abs)        000F19
_ANSELC                                     (abs)        000F21
_DATAEE_ReadByte                            text16       000576
_DATAEE_WriteByte                           text25       0004C6
_GIE                                        (abs)        007F97
_INTCONbits                                 (abs)        000FF2
_INTERRUPT_Initialize                       text18       00069A
_INTERRUPT_InterruptManager                 intcode      000008
_IOCBF0_DefaultInterruptHandler             text24       00069E
_IOCBF0_ISR                                 text23       00047E
_IOCBF0_InterruptHandler                    nvCOMRAM     000029
_IOCBF0_SetInterruptHandler                 text15       000690
_IOCBFbits                                  (abs)        000F12
_IOCBNbits                                  (abs)        000F13
_IOCBPbits                                  (abs)        000F14
_LATA                                       (abs)        000F83
_LATB                                       (abs)        000F84
_LATC                                       (abs)        000F85
_NVMADRH                                    (abs)        000F7F
_NVMADRL                                    (abs)        000F7E
_NVMCON1bits                                (abs)        000F81
_NVMCON2                                    (abs)        000F82
_NVMDAT                                     (abs)        000F80
_ODCONA                                     (abs)        000F0F
_ODCONB                                     (abs)        000F17
_ODCONC                                     (abs)        000F1F
_OSCCON1                                    (abs)        000ED8
_OSCCON3                                    (abs)        000EDA
_OSCEN                                      (abs)        000EDC
_OSCFRQ                                     (abs)        000EDE
_OSCILLATOR_Initialize                      text17       000556
_OSCTUNE                                    (abs)        000EDD
_PIE0bits                                   (abs)        000EC2
_PIN_MANAGER_IOC                            text22       000684
_PIN_MANAGER_Initialize                     text14       000362
_PIR0bits                                   (abs)        000ECA
_PIR7bits                                   (abs)        000ED1
_PORTCbits                                  (abs)        000F8F
_PPSLOCK                                    (abs)        000EA0
_PPSLOCKbits                                (abs)        000EA0
_RB0                                        (abs)        007C70
_SYSTEM_Initialize                          text13       000664
_TABLAT                                     (abs)        000FF5
_TBLPTRH                                    (abs)        000FF7
_TBLPTRL                                    (abs)        000FF6
_TBLPTRU                                    (abs)        000FF8
_TRISA                                      (abs)        000F88
_TRISB                                      (abs)        000F89
_TRISC                                      (abs)        000F8A
_WPUA                                       (abs)        000F10
_WPUB                                       (abs)        000F18
_WPUC                                       (abs)        000F20
_WPUE                                       (abs)        000F2D
__CFG_BOREN$SBORDIS                         (abs)        000000
__CFG_BORV$VBOR_2P45                        (abs)        000000
__CFG_CLKOUTEN$OFF                          (abs)        000000
__CFG_CP$OFF                                (abs)        000000
__CFG_CPD$OFF                               (abs)        000000
__CFG_CSWEN$ON                              (abs)        000000
__CFG_DEBUG$OFF                             (abs)        000000
__CFG_EBTR0$OFF                             (abs)        000000
__CFG_EBTR1$OFF                             (abs)        000000
__CFG_EBTR2$OFF                             (abs)        000000
__CFG_EBTR3$OFF                             (abs)        000000
__CFG_EBTRB$OFF                             (abs)        000000
__CFG_FCMEN$ON                              (abs)        000000
__CFG_FEXTOSC$OFF                           (abs)        000000
__CFG_LPBOREN$OFF                           (abs)        000000
__CFG_LVP$OFF                               (abs)        000000
__CFG_MCLRE$EXTMCLR                         (abs)        000000
__CFG_PPS1WAY$ON                            (abs)        000000
__CFG_PWRTE$OFF                             (abs)        000000
__CFG_RSTOSC$HFINTOSC_64MHZ                 (abs)        000000
__CFG_SCANE$ON                              (abs)        000000
__CFG_STVREN$ON                             (abs)        000000
__CFG_WDTCCS$SC                             (abs)        000000
__CFG_WDTCPS$WDTCPS_31                      (abs)        000000
__CFG_WDTCWS$WDTCWS_7                       (abs)        000000
__CFG_WDTE$OFF                              (abs)        000000
__CFG_WRT0$OFF                              (abs)        000000
__CFG_WRT1$OFF                              (abs)        000000
__CFG_WRT2$OFF                              (abs)        000000
__CFG_WRT3$OFF                              (abs)        000000
__CFG_WRTB$OFF                              (abs)        000000
__CFG_WRTC$OFF                              (abs)        000000
__CFG_WRTD$OFF                              (abs)        000000
__CFG_XINST$OFF                             (abs)        000000
__CFG_ZCD$OFF                               (abs)        000000
__HRAM                                      (abs)        000000
__Habs1                                     abs1         000000
__Hbank0                                    bank0        000000
__Hbank1                                    bank1        000000
__Hbank10                                   bank10       000000
__Hbank11                                   bank11       000000
__Hbank12                                   bank12       000000
__Hbank13                                   bank13       000000
__Hbank14                                   bank14       000000
__Hbank2                                    bank2        000000
__Hbank3                                    bank3        000000
__Hbank4                                    bank4        000000
__Hbank5                                    bank5        000000
__Hbank6                                    bank6        000000
__Hbank7                                    bank7        000000
__Hbank8                                    bank8        000000
__Hbank9                                    bank9        000000
__Hbigbss                                   bigbss       000000
__Hbigdata                                  bigdata      000000
__Hbigram                                   bigram       000000
__Hbss                                      bss          000000
__Hcinit                                    cinit        000000
__Hclrtext                                  clrtext      000000
__Hcomram                                   comram       000000
__Hconfig                                   config       30000C
__Hconst                                    const        000000
__HcstackCOMRAM                             cstackCOMRAM 000000
__Hdata                                     data         000000
__Heeprom_data                              eeprom_data  000000
__Hfarbss                                   farbss       000000
__Hfardata                                  fardata      000000
__Hibigdata                                 ibigdata     000000
__Hidata                                    idata        000000
__Hidloc                                    idloc        200010
__Hifardata                                 ifardata     000000
__Hinit                                     init         000090
__Hintcode                                  intcode      00008C
__Hintcode_body                             intcode_body 000000
__Hintcodelo                                intcodelo    00008C
__Hintentry                                 intentry     000000
__Hintret                                   intret       000000
__Hintsave_regs                             intsave_regs 000000
__Hirdata                                   irdata       000000
__Hmediumconst                              mediumconst  000000
__HnvCOMRAM                                 nvCOMRAM     000000
__HnvFARRAM                                 nvFARRAM     000000
__Hnvbit                                    nvbit        000000
__Hnvrram                                   nvrram       000000
__Hparam                                    rparam       000000
__Hpowerup                                  powerup      00008C
__Hram                                      ram          000000
__Hramtop                                   ramtop       000F00
__Hrbit                                     rbit         000000
__Hrbss                                     rbss         000000
__Hrdata                                    rdata        000000
__Hreset_vec                                reset_vec    000006
__Hrparam                                   rparam       000000
__Hsfr                                      sfr          000000
__Hsmallconst                               smallconst   000000
__Hspace_0                                  (abs)        30000C
__Hspace_1                                  (abs)        00002D
__Hspace_2                                  (abs)        000000
__Hstack                                    stack        000000
__Hstruct                                   struct       000000
__Htemp                                     temp         00002D
__Htext                                     text         000000
__Htext0                                    text0        000000
__Htext1                                    text1        000000
__Htext10                                   text10       000000
__Htext11                                   text11       000000
__Htext12                                   text12       000000
__Htext13                                   text13       000000
__Htext14                                   text14       000000
__Htext15                                   text15       000000
__Htext16                                   text16       000000
__Htext17                                   text17       000000
__Htext18                                   text18       000000
__Htext19                                   text19       000000
__Htext2                                    text2        000000
__Htext20                                   text20       000000
__Htext22                                   text22       000000
__Htext23                                   text23       000000
__Htext24                                   text24       000000
__Htext25                                   text25       000000
__Htext26                                   text26       000000
__Htext3                                    text3        000000
__Htext4                                    text4        000000
__Htext5                                    text5        000000
__Htext6                                    text6        000000
__Htext7                                    text7        000000
__Htext8                                    text8        000000
__Htext9                                    text9        000000
__LRAM                                      (abs)        000001
__Labs1                                     abs1         000000
__Lbank0                                    bank0        000000
__Lbank1                                    bank1        000000
__Lbank10                                   bank10       000000
__Lbank11                                   bank11       000000
__Lbank12                                   bank12       000000
__Lbank13                                   bank13       000000
__Lbank14                                   bank14       000000
__Lbank2                                    bank2        000000
__Lbank3                                    bank3        000000
__Lbank4                                    bank4        000000
__Lbank5                                    bank5        000000
__Lbank6                                    bank6        000000
__Lbank7                                    bank7        000000
__Lbank8                                    bank8        000000
__Lbank9                                    bank9        000000
__Lbigbss                                   bigbss       000000
__Lbigdata                                  bigdata      000000
__Lbigram                                   bigram       000000
__Lbss                                      bss          000000
__Lcinit                                    cinit        000000
__Lclrtext                                  clrtext      000000
__Lcomram                                   comram       000000
__Lconfig                                   config       300000
__Lconst                                    const        000000
__LcstackCOMRAM                             cstackCOMRAM 000000
__Ldata                                     data         000000
__Leeprom_data                              eeprom_data  000000
__Lfarbss                                   farbss       000000
__Lfardata                                  fardata      000000
__Libigdata                                 ibigdata     000000
__Lidata                                    idata        000000
__Lidloc                                    idloc        200000
__Lifardata                                 ifardata     000000
__Linit                                     init         00008C
__Lintcode                                  intcode      000008
__Lintcode_body                             intcode_body 000000
__Lintcodelo                                intcodelo    00008C
__Lintentry                                 intentry     000000
__Lintret                                   intret       000000
__Lintsave_regs                             intsave_regs 000000
__Lirdata                                   irdata       000000
__Lmediumconst                              mediumconst  000000
__LnvCOMRAM                                 nvCOMRAM     000000
__LnvFARRAM                                 nvFARRAM     000000
__Lnvbit                                    nvbit        000000
__Lnvrram                                   nvrram       000000
__Lparam                                    rparam       000000
__Lpowerup                                  powerup      00008C
__Lram                                      ram          000000
__Lramtop                                   ramtop       000F00
__Lrbit                                     rbit         000000
__Lrbss                                     rbss         000000
__Lrdata                                    rdata        000000
__Lreset_vec                                reset_vec    000000
__Lrparam                                   rparam       000000
__Lsfr                                      sfr          000000
__Lsmallconst                               smallconst   000000
__Lspace_0                                  (abs)        000000
__Lspace_1                                  (abs)        000000
__Lspace_2                                  (abs)        000000
__Lstack                                    stack        000000
__Lstruct                                   struct       000000
__Ltemp                                     temp         00002C
__Ltext                                     text         000000
__Ltext0                                    text0        000000
__Ltext1                                    text1        000000
__Ltext10                                   text10       000000
__Ltext11                                   text11       000000
__Ltext12                                   text12       000000
__Ltext13                                   text13       000000
__Ltext14                                   text14       000000
__Ltext15                                   text15       000000
__Ltext16                                   text16       000000
__Ltext17                                   text17       000000
__Ltext18                                   text18       000000
__Ltext19                                   text19       000000
__Ltext2                                    text2        000000
__Ltext20                                   text20       000000
__Ltext22                                   text22       000000
__Ltext23                                   text23       000000
__Ltext24                                   text24       000000
__Ltext25                                   text25       000000
__Ltext26                                   text26       000000
__Ltext3                                    text3        000000
__Ltext4                                    text4        000000
__Ltext5                                    text5        000000
__Ltext6                                    text6        000000
__Ltext7                                    text7        000000
__Ltext8                                    text8        000000
__Ltext9                                    text9        000000
__S0                                        (abs)        30000C
__S1                                        (abs)        00002D
__S2                                        (abs)        000000
___inthi_sp                                 stack        000000
___intlo_sp                                 stack        000000
___param_bank                               (abs)        000000
___rparam_used                              (abs)        000001
___sp                                       stack        000000
__accesstop                                 (abs)        000060
__activetblptr                              (abs)        000002
__end_of_ADCC_GetSingleConversion           text20       000556
__end_of_ADCC_Initialize                    text19       00047E
__end_of_DATAEE_ReadByte                    text16       00058E
__end_of_DATAEE_WriteByte                   text25       000500
__end_of_INTERRUPT_Initialize               text18       00069E
__end_of_INTERRUPT_InterruptManager         intcode      00008C
__end_of_IOCBF0_DefaultInterruptHandler     text24       0006A0
__end_of_IOCBF0_ISR                         text23       0004C6
__end_of_IOCBF0_SetInterruptHandler         text15       00069A
__end_of_OSCILLATOR_Initialize              text17       000576
__end_of_PIN_MANAGER_IOC                    text22       000690
__end_of_PIN_MANAGER_Initialize             text14       00041C
__end_of_SYSTEM_Initialize                  text13       000676
__end_of__initialization                    cinit        000676
__end_of_allBitsOff                         text12       000532
__end_of_blue                               text8        000628
__end_of_brightness                         text9        000292
__end_of_cyan                               text7        000612
__end_of_green                              text6        0005FC
__end_of_magenta                            text5        0005E6
__end_of_main                               text0        000362
__end_of_off                                text4        00063C
__end_of_oneBitOff                          text11       000664
__end_of_oneBitOn                           text10       000650
__end_of_red                                text3        0005D0
__end_of_white                              text2        0005BA
__end_of_yellow                             text1        0005A4
__initialization                            cinit        000676
__mediumconst                               mediumconst  000000
__pcinit                                    cinit        000676
__pcstackCOMRAM                             cstackCOMRAM 000001
__pintcode                                  intcode      000008
__pnvCOMRAM                                 nvCOMRAM     000029
__ptext0                                    text0        000292
__ptext1                                    text1        00058E
__ptext10                                   text10       00063C
__ptext11                                   text11       000650
__ptext12                                   text12       000500
__ptext13                                   text13       000664
__ptext14                                   text14       000362
__ptext15                                   text15       000690
__ptext16                                   text16       000576
__ptext17                                   text17       000556
__ptext18                                   text18       00069A
__ptext19                                   text19       00041C
__ptext2                                    text2        0005A4
__ptext20                                   text20       000532
__ptext22                                   text22       000684
__ptext23                                   text23       00047E
__ptext24                                   text24       00069E
__ptext25                                   text25       0004C6
__ptext26                                   text26       000000
__ptext3                                    text3        0005BA
__ptext4                                    text4        000628
__ptext5                                    text5        0005D0
__ptext6                                    text6        0005E6
__ptext7                                    text7        0005FC
__ptext8                                    text8        000612
__ptext9                                    text9        000090
__ramtop                                    ramtop       000F00
__size_of_ADCC_GetSingleConversion          (abs)        000000
__size_of_ADCC_Initialize                   (abs)        000000
__size_of_DATAEE_ReadByte                   (abs)        000000
__size_of_DATAEE_WriteByte                  (abs)        000000
__size_of_INTERRUPT_Initialize              (abs)        000000
__size_of_INTERRUPT_InterruptManager        (abs)        000000
__size_of_IOCBF0_DefaultInterruptHandler    (abs)        000000
__size_of_IOCBF0_ISR                        (abs)        000000
__size_of_IOCBF0_SetInterruptHandler        (abs)        000000
__size_of_OSCILLATOR_Initialize             (abs)        000000
__size_of_PIN_MANAGER_IOC                   (abs)        000000
__size_of_PIN_MANAGER_Initialize            (abs)        000000
__size_of_SYSTEM_Initialize                 (abs)        000000
__size_of_allBitsOff                        (abs)        000000
__size_of_blue                              (abs)        000000
__size_of_brightness                        (abs)        000000
__size_of_cyan                              (abs)        000000
__size_of_green                             (abs)        000000
__size_of_magenta                           (abs)        000000
__size_of_main                              (abs)        000000
__size_of_off                               (abs)        000000
__size_of_oneBitOff                         (abs)        000000
__size_of_oneBitOn                          (abs)        000000
__size_of_red                               (abs)        000000
__size_of_white                             (abs)        000000
__size_of_yellow                            (abs)        000000
__smallconst                                smallconst   000000
_allBitsOff                                 text12       000500
_blue                                       text8        000612
_brightness                                 text9        000090
_color                                      nvCOMRAM     00002B
_cyan                                       text7        0005FC
_green                                      text6        0005E6
_magenta                                    text5        0005D0
_main                                       text0        000292
_off                                        text4        000628
_oneBitOff                                  text11       000650
_oneBitOn                                   text10       00063C
_red                                        text3        0005BA
_white                                      text2        0005A4
_yellow                                     text1        00058E
allBitsOff@i                                cstackCOMRAM 000013
blue@v                                      cstackCOMRAM 000021
brightness@bit0                             cstackCOMRAM 000020
brightness@bit1                             cstackCOMRAM 00001F
brightness@bit2                             cstackCOMRAM 00001E
brightness@bit3                             cstackCOMRAM 00001D
brightness@bit4                             cstackCOMRAM 00001C
brightness@bit5                             cstackCOMRAM 00001B
brightness@bit6                             cstackCOMRAM 00001A
brightness@bit7                             cstackCOMRAM 000019
brightness@blu                              cstackCOMRAM 000016
brightness@grn                              cstackCOMRAM 000018
brightness@red                              cstackCOMRAM 000015
brightness@value                            cstackCOMRAM 000017
btemp                                       temp         00002C
cyan@v                                      cstackCOMRAM 000021
end_of_initialization                       cinit        000676
green@v                                     cstackCOMRAM 000021
int$flags                                   temp         00002C
intlevel0                                   text         000000
intlevel1                                   text         000000
intlevel2                                   text         000000
intlevel3                                   text         000000
magenta@v                                   cstackCOMRAM 000021
main@ADC_value                              cstackCOMRAM 000025
main@j                                      cstackCOMRAM 000027
main@lastValue                              cstackCOMRAM 000024
main@value                                  cstackCOMRAM 000028
red@v                                       cstackCOMRAM 000021
stackhi                                     (abs)        000E7D
stacklo                                     (abs)        000060
start                                       init         00008C
start_initialization                        cinit        000676
white@v                                     cstackCOMRAM 000021
yellow@v                                    cstackCOMRAM 000021


FUNCTION INFORMATION:

 *************** function _main *****************
 Defined at:
		line 27 in file "main.c"
 Parameters:    Size  Location     Type
		None
 Auto vars:     Size  Location     Type
  j               1   38[COMRAM] unsigned char 
  ADC_value       2   36[COMRAM] unsigned int 
  value           1   39[COMRAM] unsigned char 
  lastValue       1   35[COMRAM] unsigned char 
 Return value:  Size  Location     Type
                  1    wreg      void 
 Registers used:
		wreg, status,2, status,0, cstack
 Tracked objects:
		On entry : 
		On exit  : 
		Unchanged: 
 Data sizes:     COMRAM   BANK0   BANK1   BANK2   BANK3   BANK4   BANK5   BANK6   BANK7   BANK8   BANK9  BANK10  BANK11  BANK12  BANK13  BANK14
      Params:         0       0       0       0       0       0       0       0       0       0       0       0       0       0       0       0
      Locals:         5       0       0       0       0       0       0       0       0       0       0       0       0       0       0       0
      Temps:          2       0       0       0       0       0       0       0       0       0       0       0       0       0       0       0
      Totals:         7       0       0       0       0       0       0       0       0       0       0       0       0       0       0       0
Total ram usage:        7 bytes
 Hardware stack levels required when called:    7
 This function calls:
		_ADCC_GetSingleConversion
		_SYSTEM_Initialize
		_blue
		_cyan
		_green
		_magenta
		_off
		_red
		_white
		_yellow
 This function is called by:
		Startup code after reset
 This function uses a non-reentrant model


 *************** function _yellow *****************
 Defined at:
		line 335 in file "main.c"
 Parameters:    Size  Location     Type
  v               1    wreg     unsigned char 
 Auto vars:     Size  Location     Type
  v               1   32[COMRAM] unsigned char 
 Return value:  Size  Location     Type
                  1    wreg      void 
 Registers used:
		wreg, status,2, status,0, cstack
 Tracked objects:
		On entry : 
		On exit  : 
		Unchanged: 
 Data sizes:     COMRAM   BANK0   BANK1   BANK2   BANK3   BANK4   BANK5   BANK6   BANK7   BANK8   BANK9  BANK10  BANK11  BANK12  BANK13  BANK14
      Params:         0       0       0       0       0       0       0       0       0       0       0       0       0       0       0       0
      Locals:         1       0       0       0       0       0       0       0       0       0       0       0       0       0       0       0
      Temps:          0       0       0       0       0       0       0       0       0       0       0       0       0       0       0       0
      Totals:         1       0       0       0       0       0       0       0       0       0       0       0       0       0       0       0
Total ram usage:        1 bytes
 Hardware stack levels used:    1
 Hardware stack levels required when called:    6
 This function calls:
		_brightness
 This function is called by:
		_main
 This function uses a non-reentrant model


 *************** function _white *****************
 Defined at:
		line 325 in file "main.c"
 Parameters:    Size  Location     Type
  v               1    wreg     unsigned char 
 Auto vars:     Size  Location     Type
  v               1   32[COMRAM] unsigned char 
 Return value:  Size  Location     Type
                  1    wreg      void 
 Registers used:
		wreg, status,2, status,0, cstack
 Tracked objects:
		On entry : 
		On exit  : 
		Unchanged: 
 Data sizes:     COMRAM   BANK0   BANK1   BANK2   BANK3   BANK4   BANK5   BANK6   BANK7   BANK8   BANK9  BANK10  BANK11  BANK12  BANK13  BANK14
      Params:         0       0       0       0       0       0       0       0       0       0       0       0       0       0       0       0
      Locals:         1       0       0       0       0       0       0       0       0       0       0       0       0       0       0       0
      Temps:          0       0       0       0       0       0       0       0       0       0       0       0       0       0       0       0
      Totals:         1       0       0       0       0       0       0       0       0       0       0       0       0       0       0       0
Total ram usage:        1 bytes
 Hardware stack levels used:    1
 Hardware stack levels required when called:    6
 This function calls:
		_brightness
 This function is called by:
		_main
 This function uses a non-reentrant model


 *************** function _red *****************
 Defined at:
		line 355 in file "main.c"
 Parameters:    Size  Location     Type
  v               1    wreg     unsigned char 
 Auto vars:     Size  Location     Type
  v               1   32[COMRAM] unsigned char 
 Return value:  Size  Location     Type
                  1    wreg      void 
 Registers used:
		wreg, status,2, status,0, cstack
 Tracked objects:
		On entry : 
		On exit  : 
		Unchanged: 
 Data sizes:     COMRAM   BANK0   BANK1   BANK2   BANK3   BANK4   BANK5   BANK6   BANK7   BANK8   BANK9  BANK10  BANK11  BANK12  BANK13  BANK14
      Params:         0       0       0       0       0       0       0       0       0       0       0       0       0       0       0       0
      Locals:         1       0       0       0       0       0       0       0       0       0       0       0       0       0       0       0
      Temps:          0       0       0       0       0       0       0       0       0       0       0       0       0       0       0       0
      Totals:         1       0       0       0       0       0       0       0       0       0       0       0       0       0       0       0
Total ram usage:        1 bytes
 Hardware stack levels used:    1
 Hardware stack levels required when called:    6
 This function calls:
		_brightness
 This function is called by:
		_main
 This function uses a non-reentrant model


 *************** function _off *****************
 Defined at:
		line 360 in file "main.c"
 Parameters:    Size  Location     Type
		None
 Auto vars:     Size  Location     Type
		None
 Return value:  Size  Location     Type
                  1    wreg      void 
 Registers used:
		wreg, status,2, status,0, cstack
 Tracked objects:
		On entry : 
		On exit  : 
		Unchanged: 
 Data sizes:     COMRAM   BANK0   BANK1   BANK2   BANK3   BANK4   BANK5   BANK6   BANK7   BANK8   BANK9  BANK10  BANK11  BANK12  BANK13  BANK14
      Params:         0       0       0       0       0       0       0       0       0       0       0       0       0       0       0       0
      Locals:         0       0       0       0       0       0       0       0       0       0       0       0       0       0       0       0
      Temps:          0       0       0       0       0       0       0       0       0       0       0       0       0       0       0       0
      Totals:         0       0       0       0       0       0       0       0       0       0       0       0       0       0       0       0
Total ram usage:        0 bytes
 Hardware stack levels used:    1
 Hardware stack levels required when called:    6
 This function calls:
		_brightness
 This function is called by:
		_main
 This function uses a non-reentrant model


 *************** function _magenta *****************
 Defined at:
		line 340 in file "main.c"
 Parameters:    Size  Location     Type
  v               1    wreg     unsigned char 
 Auto vars:     Size  Location     Type
  v               1   32[COMRAM] unsigned char 
 Return value:  Size  Location     Type
                  1    wreg      void 
 Registers used:
		wreg, status,2, status,0, cstack
 Tracked objects:
		On entry : 
		On exit  : 
		Unchanged: 
 Data sizes:     COMRAM   BANK0   BANK1   BANK2   BANK3   BANK4   BANK5   BANK6   BANK7   BANK8   BANK9  BANK10  BANK11  BANK12  BANK13  BANK14
      Params:         0       0       0       0       0       0       0       0       0       0       0       0       0       0       0       0
      Locals:         1       0       0       0       0       0       0       0       0       0       0       0       0       0       0       0
      Temps:          0       0       0       0       0       0       0       0       0       0       0       0       0       0       0       0
      Totals:         1       0       0       0       0       0       0       0       0       0       0       0       0       0       0       0
Total ram usage:        1 bytes
 Hardware stack levels used:    1
 Hardware stack levels required when called:    6
 This function calls:
		_brightness
 This function is called by:
		_main
 This function uses a non-reentrant model


 *************** function _green *****************
 Defined at:
		line 345 in file "main.c"
 Parameters:    Size  Location     Type
  v               1    wreg     unsigned char 
 Auto vars:     Size  Location     Type
  v               1   32[COMRAM] unsigned char 
 Return value:  Size  Location     Type
                  1    wreg      void 
 Registers used:
		wreg, status,2, status,0, cstack
 Tracked objects:
		On entry : 
		On exit  : 
		Unchanged: 
 Data sizes:     COMRAM   BANK0   BANK1   BANK2   BANK3   BANK4   BANK5   BANK6   BANK7   BANK8   BANK9  BANK10  BANK11  BANK12  BANK13  BANK14
      Params:         0       0       0       0       0       0       0       0       0       0       0       0       0       0       0       0
      Locals:         1       0       0       0       0       0       0       0       0       0       0       0       0       0       0       0
      Temps:          0       0       0       0       0       0       0       0       0       0       0       0       0       0       0       0
      Totals:         1       0       0       0       0       0       0       0       0       0       0       0       0       0       0       0
Total ram usage:        1 bytes
 Hardware stack levels used:    1
 Hardware stack levels required when called:    6
 This function calls:
		_brightness
 This function is called by:
		_main
 This function uses a non-reentrant model


 *************** function _cyan *****************
 Defined at:
		line 330 in file "main.c"
 Parameters:    Size  Location     Type
  v               1    wreg     unsigned char 
 Auto vars:     Size  Location     Type
  v               1   32[COMRAM] unsigned char 
 Return value:  Size  Location     Type
                  1    wreg      void 
 Registers used:
		wreg, status,2, status,0, cstack
 Tracked objects:
		On entry : 
		On exit  : 
		Unchanged: 
 Data sizes:     COMRAM   BANK0   BANK1   BANK2   BANK3   BANK4   BANK5   BANK6   BANK7   BANK8   BANK9  BANK10  BANK11  BANK12  BANK13  BANK14
      Params:         0       0       0       0       0       0       0       0       0       0       0       0       0       0       0       0
      Locals:         1       0       0       0       0       0       0       0       0       0       0       0       0       0       0       0
      Temps:          0       0       0       0       0       0       0       0       0       0       0       0       0       0       0       0
      Totals:         1       0       0       0       0       0       0       0       0       0       0       0       0       0       0       0
Total ram usage:        1 bytes
 Hardware stack levels used:    1
 Hardware stack levels required when called:    6
 This function calls:
		_brightness
 This function is called by:
		_main
 This function uses a non-reentrant model


 *************** function _blue *****************
 Defined at:
		line 350 in file "main.c"
 Parameters:    Size  Location     Type
  v               1    wreg     unsigned char 
 Auto vars:     Size  Location     Type
  v               1   32[COMRAM] unsigned char 
 Return value:  Size  Location     Type
                  1    wreg      void 
 Registers used:
		wreg, status,2, status,0, cstack
 Tracked objects:
		On entry : 
		On exit  : 
		Unchanged: 
 Data sizes:     COMRAM   BANK0   BANK1   BANK2   BANK3   BANK4   BANK5   BANK6   BANK7   BANK8   BANK9  BANK10  BANK11  BANK12  BANK13  BANK14
      Params:         0       0       0       0       0       0       0       0       0       0       0       0       0       0       0       0
      Locals:         1       0       0       0       0       0       0       0       0       0       0       0       0       0       0       0
      Temps:          0       0       0       0       0       0       0       0       0       0       0       0       0       0       0       0
      Totals:         1       0       0       0       0       0       0       0       0       0       0       0       0       0       0       0
Total ram usage:        1 bytes
 Hardware stack levels used:    1
 Hardware stack levels required when called:    6
 This function calls:
		_brightness
 This function is called by:
		_main
 This function uses a non-reentrant model


 *************** function _brightness *****************
 Defined at:
		line 99 in file "main.c"
 Parameters:    Size  Location     Type
  grn             1    wreg     unsigned char 
  red             1   20[COMRAM] unsigned char 
  blu             1   21[COMRAM] unsigned char 
  value           1   22[COMRAM] unsigned char 
 Auto vars:     Size  Location     Type
  grn             1   23[COMRAM] unsigned char 
  bit0            1   31[COMRAM] unsigned char 
  bit1            1   30[COMRAM] unsigned char 
  bit2            1   29[COMRAM] unsigned char 
  bit3            1   28[COMRAM] unsigned char 
  bit4            1   27[COMRAM] unsigned char 
  bit5            1   26[COMRAM] unsigned char 
  bit6            1   25[COMRAM] unsigned char 
  bit7            1   24[COMRAM] unsigned char 
 Return value:  Size  Location     Type
                  1    wreg      void 
 Registers used:
		wreg, status,2, status,0, cstack
 Tracked objects:
		On entry : 
		On exit  : 
		Unchanged: 
 Data sizes:     COMRAM   BANK0   BANK1   BANK2   BANK3   BANK4   BANK5   BANK6   BANK7   BANK8   BANK9  BANK10  BANK11  BANK12  BANK13  BANK14
      Params:         3       0       0       0       0       0       0       0       0       0       0       0       0       0       0       0
      Locals:         9       0       0       0       0       0       0       0       0       0       0       0       0       0       0       0
      Temps:          0       0       0       0       0       0       0       0       0       0       0       0       0       0       0       0
      Totals:        12       0       0       0       0       0       0       0       0       0       0       0       0       0       0       0
Total ram usage:       12 bytes
 Hardware stack levels used:    1
 Hardware stack levels required when called:    5
 This function calls:
		_allBitsOff
		_oneBitOff
		_oneBitOn
 This function is called by:
		_white
		_cyan
		_yellow
		_magenta
		_green
		_blue
		_red
		_off
 This function uses a non-reentrant model


 *************** function _oneBitOn *****************
 Defined at:
		line 376 in file "main.c"
 Parameters:    Size  Location     Type
		None
 Auto vars:     Size  Location     Type
		None
 Return value:  Size  Location     Type
                  1    wreg      void 
 Registers used:
		wreg
 Tracked objects:
		On entry : 
		On exit  : 
		Unchanged: 
 Data sizes:     COMRAM   BANK0   BANK1   BANK2   BANK3   BANK4   BANK5   BANK6   BANK7   BANK8   BANK9  BANK10  BANK11  BANK12  BANK13  BANK14
      Params:         0       0       0       0       0       0       0       0       0       0       0       0       0       0       0       0
      Locals:         0       0       0       0       0       0       0       0       0       0       0       0       0       0       0       0
      Temps:          0       0       0       0       0       0       0       0       0       0       0       0       0       0       0       0
      Totals:         0       0       0       0       0       0       0       0       0       0       0       0       0       0       0       0
Total ram usage:        0 bytes
 Hardware stack levels used:    1
 Hardware stack levels required when called:    4
 This function calls:
		Nothing
 This function is called by:
		_brightness
 This function uses a non-reentrant model


 *************** function _oneBitOff *****************
 Defined at:
		line 385 in file "main.c"
 Parameters:    Size  Location     Type
		None
 Auto vars:     Size  Location     Type
		None
 Return value:  Size  Location     Type
                  1    wreg      void 
 Registers used:
		wreg
 Tracked objects:
		On entry : 
		On exit  : 
		Unchanged: 
 Data sizes:     COMRAM   BANK0   BANK1   BANK2   BANK3   BANK4   BANK5   BANK6   BANK7   BANK8   BANK9  BANK10  BANK11  BANK12  BANK13  BANK14
      Params:         0       0       0       0       0       0       0       0       0       0       0       0       0       0       0       0
      Locals:         0       0       0       0       0       0       0       0       0       0       0       0       0       0       0       0
      Temps:          0       0       0       0       0       0       0       0       0       0       0       0       0       0       0       0
      Totals:         0       0       0       0       0       0       0       0       0       0       0       0       0       0       0       0
Total ram usage:        0 bytes
 Hardware stack levels used:    1
 Hardware stack levels required when called:    4
 This function calls:
		Nothing
 This function is called by:
		_brightness
 This function uses a non-reentrant model


 *************** function _allBitsOff *****************
 Defined at:
		line 365 in file "main.c"
 Parameters:    Size  Location     Type
		None
 Auto vars:     Size  Location     Type
  i               2   18[COMRAM] int 
 Return value:  Size  Location     Type
                  1    wreg      void 
 Registers used:
		wreg, status,2, status,0
 Tracked objects:
		On entry : 
		On exit  : 
		Unchanged: 
 Data sizes:     COMRAM   BANK0   BANK1   BANK2   BANK3   BANK4   BANK5   BANK6   BANK7   BANK8   BANK9  BANK10  BANK11  BANK12  BANK13  BANK14
      Params:         0       0       0       0       0       0       0       0       0       0       0       0       0       0       0       0
      Locals:         2       0       0       0       0       0       0       0       0       0       0       0       0       0       0       0
      Temps:          0       0       0       0       0       0       0       0       0       0       0       0       0       0       0       0
      Totals:         2       0       0       0       0       0       0       0       0       0       0       0       0       0       0       0
Total ram usage:        2 bytes
 Hardware stack levels used:    1
 Hardware stack levels required when called:    4
 This function calls:
		Nothing
 This function is called by:
		_brightness
 This function uses a non-reentrant model


 *************** function _SYSTEM_Initialize *****************
 Defined at:
		line 107 in file "mcc_generated_files/mcc.c"
 Parameters:    Size  Location     Type
		None
 Auto vars:     Size  Location     Type
		None
 Return value:  Size  Location     Type
                  1    wreg      void 
 Registers used:
		wreg, status,2, status,0, cstack
 Tracked objects:
		On entry : 
		On exit  : 
		Unchanged: 
 Data sizes:     COMRAM   BANK0   BANK1   BANK2   BANK3   BANK4   BANK5   BANK6   BANK7   BANK8   BANK9  BANK10  BANK11  BANK12  BANK13  BANK14
      Params:         0       0       0       0       0       0       0       0       0       0       0       0       0       0       0       0
      Locals:         0       0       0       0       0       0       0       0       0       0       0       0       0       0       0       0
      Temps:          0       0       0       0       0       0       0       0       0       0       0       0       0       0       0       0
      Totals:         0       0       0       0       0       0       0       0       0       0       0       0       0       0       0       0
Total ram usage:        0 bytes
 Hardware stack levels used:    1
 Hardware stack levels required when called:    6
 This function calls:
		_ADCC_Initialize
		_INTERRUPT_Initialize
		_OSCILLATOR_Initialize
		_PIN_MANAGER_Initialize
 This function is called by:
		_main
 This function uses a non-reentrant model


 *************** function _PIN_MANAGER_Initialize *****************
 Defined at:
		line 57 in file "mcc_generated_files/pin_manager.c"
 Parameters:    Size  Location     Type
		None
 Auto vars:     Size  Location     Type
  state           1   20[COMRAM] unsigned char 
 Return value:  Size  Location     Type
                  1    wreg      void 
 Registers used:
		wreg, status,2, status,0, cstack
 Tracked objects:
		On entry : 
		On exit  : 
		Unchanged: 
 Data sizes:     COMRAM   BANK0   BANK1   BANK2   BANK3   BANK4   BANK5   BANK6   BANK7   BANK8   BANK9  BANK10  BANK11  BANK12  BANK13  BANK14
      Params:         0       0       0       0       0       0       0       0       0       0       0       0       0       0       0       0
      Locals:         1       0       0       0       0       0       0       0       0       0       0       0       0       0       0       0
      Temps:          0       0       0       0       0       0       0       0       0       0       0       0       0       0       0       0
      Totals:         1       0       0       0       0       0       0       0       0       0       0       0       0       0       0       0
Total ram usage:        1 bytes
 Hardware stack levels used:    1
 Hardware stack levels required when called:    5
 This function calls:
		_DATAEE_ReadByte
		_IOCBF0_SetInterruptHandler
 This function is called by:
		_SYSTEM_Initialize
 This function uses a non-reentrant model


 *************** function _IOCBF0_SetInterruptHandler *****************
 Defined at:
		line 172 in file "mcc_generated_files/pin_manager.c"
 Parameters:    Size  Location     Type
  InterruptHan    2   18[COMRAM] PTR void 
		 -> IOCBF0_DefaultInterruptHandler(1), 
 Auto vars:     Size  Location     Type
		None
 Return value:  Size  Location     Type
                  1    wreg      void 
 Registers used:
		wreg, status,2, status,0
 Tracked objects:
		On entry : 
		On exit  : 
		Unchanged: 
 Data sizes:     COMRAM   BANK0   BANK1   BANK2   BANK3   BANK4   BANK5   BANK6   BANK7   BANK8   BANK9  BANK10  BANK11  BANK12  BANK13  BANK14
      Params:         2       0       0       0       0       0       0       0       0       0       0       0       0       0       0       0
      Locals:         0       0       0       0       0       0       0       0       0       0       0       0       0       0       0       0
      Temps:          0       0       0       0       0       0       0       0       0       0       0       0       0       0       0       0
      Totals:         2       0       0       0       0       0       0       0       0       0       0       0       0       0       0       0
Total ram usage:        2 bytes
 Hardware stack levels used:    1
 Hardware stack levels required when called:    4
 This function calls:
		Nothing
 This function is called by:
		_PIN_MANAGER_Initialize
 This function uses a non-reentrant model


 *************** function _DATAEE_ReadByte *****************
 Defined at:
		line 186 in file "mcc_generated_files/memory.c"
 Parameters:    Size  Location     Type
  bAdd            2   18[COMRAM] unsigned int 
 Auto vars:     Size  Location     Type
		None
 Return value:  Size  Location     Type
                  1    wreg      unsigned char 
 Registers used:
		wreg, status,2, status,0
 Tracked objects:
		On entry : 
		On exit  : 
		Unchanged: 
 Data sizes:     COMRAM   BANK0   BANK1   BANK2   BANK3   BANK4   BANK5   BANK6   BANK7   BANK8   BANK9  BANK10  BANK11  BANK12  BANK13  BANK14
      Params:         2       0       0       0       0       0       0       0       0       0       0       0       0       0       0       0
      Locals:         0       0       0       0       0       0       0       0       0       0       0       0       0       0       0       0
      Temps:          0       0       0       0       0       0       0       0       0       0       0       0       0       0       0       0
      Totals:         2       0       0       0       0       0       0       0       0       0       0       0       0       0       0       0
Total ram usage:        2 bytes
 Hardware stack levels used:    1
 Hardware stack levels required when called:    4
 This function calls:
		Nothing
 This function is called by:
		_PIN_MANAGER_Initialize
 This function uses a non-reentrant model


 *************** function _OSCILLATOR_Initialize *****************
 Defined at:
		line 116 in file "mcc_generated_files/mcc.c"
 Parameters:    Size  Location     Type
		None
 Auto vars:     Size  Location     Type
		None
 Return value:  Size  Location     Type
                  1    wreg      void 
 Registers used:
		wreg, status,2
 Tracked objects:
		On entry : 
		On exit  : 
		Unchanged: 
 Data sizes:     COMRAM   BANK0   BANK1   BANK2   BANK3   BANK4   BANK5   BANK6   BANK7   BANK8   BANK9  BANK10  BANK11  BANK12  BANK13  BANK14
      Params:         0       0       0       0       0       0       0       0       0       0       0       0       0       0       0       0
      Locals:         0       0       0       0       0       0       0       0       0       0       0       0       0       0       0       0
      Temps:          0       0       0       0       0       0       0       0       0       0       0       0       0       0       0       0
      Totals:         0       0       0       0       0       0       0       0       0       0       0       0       0       0       0       0
Total ram usage:        0 bytes
 Hardware stack levels used:    1
 Hardware stack levels required when called:    4
 This function calls:
		Nothing
 This function is called by:
		_SYSTEM_Initialize
 This function uses a non-reentrant model


 *************** function _INTERRUPT_Initialize *****************
 Defined at:
		line 51 in file "mcc_generated_files/interrupt_manager.c"
 Parameters:    Size  Location     Type
		None
 Auto vars:     Size  Location     Type
		None
 Return value:  Size  Location     Type
                  1    wreg      void 
 Registers used:
		None
 Tracked objects:
		On entry : 
		On exit  : 
		Unchanged: 
 Data sizes:     COMRAM   BANK0   BANK1   BANK2   BANK3   BANK4   BANK5   BANK6   BANK7   BANK8   BANK9  BANK10  BANK11  BANK12  BANK13  BANK14
      Params:         0       0       0       0       0       0       0       0       0       0       0       0       0       0       0       0
      Locals:         0       0       0       0       0       0       0       0       0       0       0       0       0       0       0       0
      Temps:          0       0       0       0       0       0       0       0       0       0       0       0       0       0       0       0
      Totals:         0       0       0       0       0       0       0       0       0       0       0       0       0       0       0       0
Total ram usage:        0 bytes
 Hardware stack levels used:    1
 Hardware stack levels required when called:    4
 This function calls:
		Nothing
 This function is called by:
		_SYSTEM_Initialize
 This function uses a non-reentrant model


 *************** function _ADCC_Initialize *****************
 Defined at:
		line 61 in file "mcc_generated_files/adcc.c"
 Parameters:    Size  Location     Type
		None
 Auto vars:     Size  Location     Type
		None
 Return value:  Size  Location     Type
                  1    wreg      void 
 Registers used:
		wreg, status,2
 Tracked objects:
		On entry : 
		On exit  : 
		Unchanged: 
 Data sizes:     COMRAM   BANK0   BANK1   BANK2   BANK3   BANK4   BANK5   BANK6   BANK7   BANK8   BANK9  BANK10  BANK11  BANK12  BANK13  BANK14
      Params:         0       0       0       0       0       0       0       0       0       0       0       0       0       0       0       0
      Locals:         0       0       0       0       0       0       0       0       0       0       0       0       0       0       0       0
      Temps:          0       0       0       0       0       0       0       0       0       0       0       0       0       0       0       0
      Totals:         0       0       0       0       0       0       0       0       0       0       0       0       0       0       0       0
Total ram usage:        0 bytes
 Hardware stack levels used:    1
 Hardware stack levels required when called:    4
 This function calls:
		Nothing
 This function is called by:
		_SYSTEM_Initialize
 This function uses a non-reentrant model


 *************** function _ADCC_GetSingleConversion *****************
 Defined at:
		line 131 in file "mcc_generated_files/adcc.c"
 Parameters:    Size  Location     Type
  channel         1    wreg     enum E10995
 Auto vars:     Size  Location     Type
  channel         1   22[COMRAM] enum E10995
 Return value:  Size  Location     Type
                  2   18[COMRAM] unsigned int 
 Registers used:
		wreg, status,2, status,0
 Tracked objects:
		On entry : 
		On exit  : 
		Unchanged: 
 Data sizes:     COMRAM   BANK0   BANK1   BANK2   BANK3   BANK4   BANK5   BANK6   BANK7   BANK8   BANK9  BANK10  BANK11  BANK12  BANK13  BANK14
      Params:         2       0       0       0       0       0       0       0       0       0       0       0       0       0       0       0
      Locals:         1       0       0       0       0       0       0       0       0       0       0       0       0       0       0       0
      Temps:          2       0       0       0       0       0       0       0       0       0       0       0       0       0       0       0
      Totals:         5       0       0       0       0       0       0       0       0       0       0       0       0       0       0       0
Total ram usage:        5 bytes
 Hardware stack levels used:    1
 Hardware stack levels required when called:    4
 This function calls:
		Nothing
 This function is called by:
		_main
 This function uses a non-reentrant model


 *************** function _INTERRUPT_InterruptManager *****************
 Defined at:
		line 58 in file "mcc_generated_files/interrupt_manager.c"
 Parameters:    Size  Location     Type
		None
 Auto vars:     Size  Location     Type
		None
 Return value:  Size  Location     Type
                  1    wreg      void 
 Registers used:
		wreg, status,2, status,0, pclath, tosl, cstack
 Tracked objects:
		On entry : 
		On exit  : 
		Unchanged: 
 Data sizes:     COMRAM   BANK0   BANK1   BANK2   BANK3   BANK4   BANK5   BANK6   BANK7   BANK8   BANK9  BANK10  BANK11  BANK12  BANK13  BANK14
      Params:         0       0       0       0       0       0       0       0       0       0       0       0       0       0       0       0
      Locals:         0       0       0       0       0       0       0       0       0       0       0       0       0       0       0       0
      Temps:         14       0       0       0       0       0       0       0       0       0       0       0       0       0       0       0
      Totals:        14       0       0       0       0       0       0       0       0       0       0       0       0       0       0       0
Total ram usage:       14 bytes
 Hardware stack levels used:    1
 Hardware stack levels required when called:    3
 This function calls:
		_PIN_MANAGER_IOC
 This function is called by:
		Interrupt level 2
 This function uses a non-reentrant model


 *************** function _PIN_MANAGER_IOC *****************
 Defined at:
		line 130 in file "mcc_generated_files/pin_manager.c"
 Parameters:    Size  Location     Type
		None
 Auto vars:     Size  Location     Type
		None
 Return value:  Size  Location     Type
                  1    wreg      void 
 Registers used:
		wreg, status,2, status,0, pclath, tosl, cstack
 Tracked objects:
		On entry : 
		On exit  : 
		Unchanged: 
 Data sizes:     COMRAM   BANK0   BANK1   BANK2   BANK3   BANK4   BANK5   BANK6   BANK7   BANK8   BANK9  BANK10  BANK11  BANK12  BANK13  BANK14
      Params:         0       0       0       0       0       0       0       0       0       0       0       0       0       0       0       0
      Locals:         0       0       0       0       0       0       0       0       0       0       0       0       0       0       0       0
      Temps:          0       0       0       0       0       0       0       0       0       0       0       0       0       0       0       0
      Totals:         0       0       0       0       0       0       0       0       0       0       0       0       0       0       0       0
Total ram usage:        0 bytes
 Hardware stack levels used:    1
 Hardware stack levels required when called:    2
 This function calls:
		_IOCBF0_ISR
 This function is called by:
		_INTERRUPT_InterruptManager
 This function uses a non-reentrant model


 *************** function _IOCBF0_ISR *****************
 Defined at:
		line 144 in file "mcc_generated_files/pin_manager.c"
 Parameters:    Size  Location     Type
		None
 Auto vars:     Size  Location     Type
		None
 Return value:  Size  Location     Type
                  1    wreg      void 
 Registers used:
		wreg, status,2, status,0, pclath, tosl, cstack
 Tracked objects:
		On entry : 
		On exit  : 
		Unchanged: 
 Data sizes:     COMRAM   BANK0   BANK1   BANK2   BANK3   BANK4   BANK5   BANK6   BANK7   BANK8   BANK9  BANK10  BANK11  BANK12  BANK13  BANK14
      Params:         0       0       0       0       0       0       0       0       0       0       0       0       0       0       0       0
      Locals:         0       0       0       0       0       0       0       0       0       0       0       0       0       0       0       0
      Temps:          0       0       0       0       0       0       0       0       0       0       0       0       0       0       0       0
      Totals:         0       0       0       0       0       0       0       0       0       0       0       0       0       0       0       0
Total ram usage:        0 bytes
 Hardware stack levels used:    1
 Hardware stack levels required when called:    1
 This function calls:
		Absolute function
		_DATAEE_WriteByte
		_IOCBF0_DefaultInterruptHandler
 This function is called by:
		_PIN_MANAGER_IOC
 This function uses a non-reentrant model


 *************** function _IOCBF0_DefaultInterruptHandler *****************
 Defined at:
		line 179 in file "mcc_generated_files/pin_manager.c"
 Parameters:    Size  Location     Type
		None
 Auto vars:     Size  Location     Type
		None
 Return value:  Size  Location     Type
                  1    wreg      void 
 Registers used:
		None
 Tracked objects:
		On entry : 
		On exit  : 
		Unchanged: 
 Data sizes:     COMRAM   BANK0   BANK1   BANK2   BANK3   BANK4   BANK5   BANK6   BANK7   BANK8   BANK9  BANK10  BANK11  BANK12  BANK13  BANK14
      Params:         0       0       0       0       0       0       0       0       0       0       0       0       0       0       0       0
      Locals:         0       0       0       0       0       0       0       0       0       0       0       0       0       0       0       0
      Temps:          0       0       0       0       0       0       0       0       0       0       0       0       0       0       0       0
      Totals:         0       0       0       0       0       0       0       0       0       0       0       0       0       0       0       0
Total ram usage:        0 bytes
 Hardware stack levels used:    1
 This function calls:
		Nothing
 This function is called by:
		_PIN_MANAGER_Initialize
		_IOCBF0_ISR
 This function uses a non-reentrant model


 *************** function _DATAEE_WriteByte *****************
 Defined at:
		line 164 in file "mcc_generated_files/memory.c"
 Parameters:    Size  Location     Type
  bAdd            2    0[COMRAM] unsigned int 
  bData           1    2[COMRAM] unsigned char 
 Auto vars:     Size  Location     Type
  GIEBitValue     1    3[COMRAM] unsigned char 
 Return value:  Size  Location     Type
                  1    wreg      void 
 Registers used:
		wreg, status,2, status,0
 Tracked objects:
		On entry : 
		On exit  : 
		Unchanged: 
 Data sizes:     COMRAM   BANK0   BANK1   BANK2   BANK3   BANK4   BANK5   BANK6   BANK7   BANK8   BANK9  BANK10  BANK11  BANK12  BANK13  BANK14
      Params:         3       0       0       0       0       0       0       0       0       0       0       0       0       0       0       0
      Locals:         1       0       0       0       0       0       0       0       0       0       0       0       0       0       0       0
      Temps:          0       0       0       0       0       0       0       0       0       0       0       0       0       0       0       0
      Totals:         4       0       0       0       0       0       0       0       0       0       0       0       0       0       0       0
Total ram usage:        4 bytes
 Hardware stack levels used:    1
 This function calls:
		Nothing
 This function is called by:
		_IOCBF0_ISR
 This function uses a non-reentrant model



MODULE INFORMATION

Module		Function		Class		Link	Load	Size
mcc_generated_files/interrupt_manager.c
		_INTERRUPT_Initialize		CODE           	069A	0000	5
		_INTERRUPT_InterruptManager		CODE           	0008	0000	133

mcc_generated_files/interrupt_manager.c estimated size: 138

mcc_generated_files/pin_manager.c
		_IOCBF0_ISR    		CODE           	047E	0000	73
		_PIN_MANAGER_Initialize		CODE           	0362	0000	187
		_IOCBF0_SetInterruptHandler		CODE           	0690	0000	11
		_PIN_MANAGER_IOC		CODE           	0684	0000	13
		_IOCBF0_DefaultInterruptHandler		CODE           	069E	0000	3

mcc_generated_files/pin_manager.c estimated size: 287

shared
		__initialization		CODE           	0676	0000	1

shared estimated size: 1

mcc_generated_files/mcc.c
		_OSCILLATOR_Initialize		CODE           	0556	0000	33
		_SYSTEM_Initialize		CODE           	0664	0000	19

mcc_generated_files/mcc.c estimated size: 52

mcc_generated_files/memory.c
		_DATAEE_WriteByte		CODE           	04C6	0000	59
		_DATAEE_ReadByte		CODE           	0576	0000	25

mcc_generated_files/memory.c estimated size: 84

mcc_generated_files/adcc.c
		_ADCC_GetSingleConversion		CODE           	0532	0000	37
		_ADCC_Initialize		CODE           	041C	0000	99

mcc_generated_files/adcc.c estimated size: 136

main.c
		_blue          		CODE           	0612	0000	23
		_main          		CODE           	0292	0000	209
		_cyan          		CODE           	05FC	0000	23
		_brightness    		CODE           	0090	0000	515
		_white         		CODE           	05A4	0000	23
		_yellow        		CODE           	058E	0000	23
		_green         		CODE           	05E6	0000	23
		_red           		CODE           	05BA	0000	23
		_off           		CODE           	0628	0000	21
		_allBitsOff    		CODE           	0500	0000	51
		_oneBitOn      		CODE           	063C	0000	21
		_oneBitOff     		CODE           	0650	0000	21
		_magenta       		CODE           	05D0	0000	23

main.c estimated size: 999

